
Note: No compatibility mode selected!


Circuit: v3 source-disturbance bench p3-7ecd5f7d99 vth=0.5 beta=0.1

Doing analysis at TEMP = 27.000000 and TNOM = 27.000000

Using SPARSE 1.3 as Direct Linear Solver

Initial Transient Solution
--------------------------

Node                                   Voltage
----                                   -------
vdd                                          8
vref                                         3
vinit                                        0
vdata                                      1.5
oled_a                                       1
s                                    0.0451958
g                                            3
x                                    0.0451958
gc                                           4
xc                                           4
dc                                           0
sc                                           4
ec                                           0
vgs                                     2.9548
u                                       2.4548
bu#branch                                    0
bvgs#branch                                  0
vec#branch                                   0
vdc#branch                                   0
vsc#branch                                   0
vxc#branch                                   0
vgc#branch                                   0
voa#branch                        -1.90961e-12
vdata#branch                      -2.90961e-14
vinit#branch                       3.01305e-07
vref#branch                       -1.26653e-21
vvdd#branch                       -3.01303e-07

 Reference value :  1.24710e-02
No. of Data Rows : 84607

  Measurements for Transient Analysis

vgs_comp            =  6.88205e-01
vgs_write           =  1.34261e+00
vgs_early           =  1.33951e+00
vgs_before          =  1.33951e+00
vgs_after           =  1.33564e+00
source_before       =  1.00106e+00
source_after        =  1.50105e+00
vgs_end             =  1.33440e+00
overdrive           =  8.39513e-01


Total analysis time (seconds) = 0.324462

Total elapsed time (seconds) = 0.327

Total DRAM available = 16384.000 MB.
DRAM currently available =  117.188 MB.
Maximum ngspice program size =   12.656 MB.
Current ngspice program size =   12.656 MB.
