
Note: No compatibility mode selected!


Circuit: v3 source-disturbance bench p3-24654949ad vth=1.5 beta=0.1

Doing analysis at TEMP = 27.000000 and TNOM = 27.000000

Using SPARSE 1.3 as Direct Linear Solver

Initial Transient Solution
--------------------------

Node                                   Voltage
----                                   -------
vdd                                          8
vref                                         3
vinit                                        0
vdata                                      1.5
oled_a                                       1
s                                     0.016506
g                                            3
x                                     0.016506
gc                                           4
xc                                           4
dc                                           0
sc                                           4
ec                                           0
vgs                                    2.98349
u                                      1.48349
bu#branch                                    0
bvgs#branch                                  0
vec#branch                                   0
vdc#branch                                   0
vsc#branch                                   0
vxc#branch                                   0
vgc#branch                                   0
voa#branch                        -1.96699e-12
vdata#branch                      -2.96699e-14
vinit#branch                        1.1004e-07
vref#branch                       -1.26653e-21
vvdd#branch                       -1.10038e-07

 Reference value :  1.24595e-02
No. of Data Rows : 84539

  Measurements for Transient Analysis

vgs_comp            =  1.55747e+00
vgs_write           =  1.73104e+00
vgs_early           =  1.71712e+00
vgs_before          =  1.71712e+00
vgs_after           =  1.70957e+00
source_before       =  1.00007e+00
source_after        =  1.50007e+00
vgs_end             =  1.70668e+00
overdrive           =  2.17120e-01


Total analysis time (seconds) = 0.324481

Total elapsed time (seconds) = 0.328

Total DRAM available = 16384.000 MB.
DRAM currently available =  118.734 MB.
Maximum ngspice program size =   12.656 MB.
Current ngspice program size =   12.656 MB.
