
Note: No compatibility mode selected!


Circuit: v3 source-disturbance bench p3-196fd81247 vth=-0.5 beta=1.0

Doing analysis at TEMP = 27.000000 and TNOM = 27.000000

Using SPARSE 1.3 as Direct Linear Solver

Initial Transient Solution
--------------------------

Node                                   Voltage
----                                   -------
vdd                                          8
vref                                         3
vinit                                        0
vdata                                      1.5
oled_a                                       1
s                                     0.621453
g                                            3
x                                     0.621453
gc                                           4
xc                                           4
dc                                           0
sc                                           4
ec                                           0
vgs                                    2.37855
u                                      2.87855
bu#branch                                    0
bvgs#branch                                  0
vec#branch                                   0
vdc#branch                                   0
vsc#branch                                   0
vxc#branch                                   0
vgc#branch                                   0
voa#branch                        -7.57095e-13
vdata#branch                      -1.75709e-14
vinit#branch                       4.14302e-06
vref#branch                       -1.26653e-21
vvdd#branch                       -4.14302e-06

 Reference value :  1.21079e-02
No. of Data Rows : 84643

  Measurements for Transient Analysis

vgs_comp            =  -4.89070e-01
vgs_write           =  -4.28132e-01
vgs_early           =  -4.35561e-01
vgs_before          =  -4.35561e-01
vgs_after           =  -4.39297e-01
source_before       =  1.00006e+00
source_after        =  1.50006e+00
vgs_end             =  -4.39545e-01
overdrive           =  6.44394e-02


Total analysis time (seconds) = 0.334039

Total elapsed time (seconds) = 0.337

Total DRAM available = 16384.000 MB.
DRAM currently available =  412.141 MB.
Maximum ngspice program size =   12.703 MB.
Current ngspice program size =   12.703 MB.
