
Note: No compatibility mode selected!


Circuit: v3 source-disturbance bench p3-09ab49edb4 vth=-0.5 beta=0.1

Doing analysis at TEMP = 27.000000 and TNOM = 27.000000

Using SPARSE 1.3 as Direct Linear Solver

Initial Transient Solution
--------------------------

Node                                   Voltage
----                                   -------
vdd                                          8
vref                                         3
vinit                                        0
vdata                                      1.5
oled_a                                       1
s                                    0.0873468
g                                            3
x                                    0.0873468
gc                                           4
xc                                           4
dc                                           0
sc                                           4
ec                                           0
vgs                                    2.91265
u                                      3.41265
bu#branch                                    0
bvgs#branch                                  0
vec#branch                                   0
vdc#branch                                   0
vsc#branch                                   0
vxc#branch                                   0
vgc#branch                                   0
voa#branch                        -1.82531e-12
vdata#branch                      -2.82531e-14
vinit#branch                       5.82312e-07
vref#branch                       -1.26653e-21
vvdd#branch                        -5.8231e-07

 Reference value :  1.20675e-02
No. of Data Rows : 84556

  Measurements for Transient Analysis

vgs_comp            =  -3.93448e-01
vgs_write           =  -2.92862e-01
vgs_early           =  -2.99795e-01
vgs_before          =  -2.99795e-01
vgs_after           =  -3.03598e-01
source_before       =  1.00006e+00
source_after        =  1.50006e+00
vgs_end             =  -3.04025e-01
overdrive           =  2.00205e-01


Total analysis time (seconds) = 0.335115

Total elapsed time (seconds) = 0.338

Total DRAM available = 16384.000 MB.
DRAM currently available =  300.359 MB.
Maximum ngspice program size =   12.688 MB.
Current ngspice program size =   12.688 MB.
