
Note: No compatibility mode selected!


Circuit: v3 source-disturbance bench p3-685a0471fd vth=0.5 beta=10.0

Doing analysis at TEMP = 27.000000 and TNOM = 27.000000

Using SPARSE 1.3 as Direct Linear Solver

Initial Transient Solution
--------------------------

Node                                   Voltage
----                                   -------
vdd                                          8
vref                                         3
vinit                                        0
vdata                                      1.5
oled_a                                       1
s                                      1.22302
g                                            3
x                                      1.22302
gc                                           4
xc                                           4
dc                                           0
sc                                           4
ec                                           0
vgs                                    1.77698
u                                      1.27698
bu#branch                                    0
bvgs#branch                                  0
vec#branch                                   0
vdc#branch                                   0
vsc#branch                                   0
vxc#branch                                   0
vgc#branch                                   0
voa#branch                         4.46032e-13
vdata#branch                      -5.53968e-15
vinit#branch                       8.15344e-06
vref#branch                       -1.26653e-21
vvdd#branch                       -8.15344e-06

 Reference value :  1.24928e-02
No. of Data Rows : 84172

  Measurements for Transient Analysis

vgs_comp            =  5.03196e-01
vgs_write           =  8.81993e-01
vgs_early           =  8.80877e-01
vgs_before          =  8.80876e-01
vgs_after           =  8.73235e-01
source_before       =  1.02176e+00
source_after        =  1.52090e+00
vgs_end             =  8.71620e-01
overdrive           =  3.80877e-01


Total analysis time (seconds) = 0.321821

Total elapsed time (seconds) = 0.325

Total DRAM available = 16384.000 MB.
DRAM currently available =  111.141 MB.
Maximum ngspice program size =   13.922 MB.
Current ngspice program size =   13.922 MB.
