
Note: No compatibility mode selected!


Circuit: v3 source-disturbance bench p3-196fd81247 vth=0.5 beta=1.0

Doing analysis at TEMP = 27.000000 and TNOM = 27.000000

Using SPARSE 1.3 as Direct Linear Solver

Initial Transient Solution
--------------------------

Node                                   Voltage
----                                   -------
vdd                                          8
vref                                         3
vinit                                        0
vdata                                      1.5
oled_a                                       1
s                                     0.347496
g                                            3
x                                     0.347496
gc                                           4
xc                                           4
dc                                           0
sc                                           4
ec                                           0
vgs                                     2.6525
u                                       2.1525
bu#branch                                    0
bvgs#branch                                  0
vec#branch                                   0
vdc#branch                                   0
vsc#branch                                   0
vxc#branch                                   0
vgc#branch                                   0
voa#branch                        -1.30501e-12
vdata#branch                      -2.30501e-14
vinit#branch                       2.31664e-06
vref#branch                       -1.26653e-21
vvdd#branch                       -2.31664e-06

 Reference value :  1.21853e-02
No. of Data Rows : 84591

  Measurements for Transient Analysis

vgs_comp            =  5.10790e-01
vgs_write           =  5.67198e-01
vgs_early           =  5.59772e-01
vgs_before          =  5.59772e-01
vgs_after           =  5.56036e-01
source_before       =  1.00005e+00
source_after        =  1.50005e+00
vgs_end             =  5.55274e-01
overdrive           =  5.97720e-02

Doing analysis at TEMP = 27.000000 and TNOM = 27.000000

Using SPARSE 1.3 as Direct Linear Solver

Initial Transient Solution
--------------------------

Node                                   Voltage
----                                   -------
vdd                                          8
vref                                         3
vinit                                        0
vdata                                      1.5
oled_a                                       1
s                                     0.347496
g                                            3
x                                     0.347496
gc                                           4
xc                                           4
dc                                           0
sc                                           4
ec                                           0
vgs                                     2.6525
u                                       2.1525
bu#branch                                    0
bvgs#branch                                  0
vec#branch                                   0
vdc#branch                                   0
vsc#branch                                   0
vxc#branch                                   0
vgc#branch                                   0
voa#branch                        -1.30501e-12
vdata#branch                      -2.30501e-14
vinit#branch                       2.31664e-06
vref#branch                       -1.26653e-21
vvdd#branch                       -2.31664e-06

 Reference value :  3.64529e-03
 Reference value :  1.66831e-02
No. of Data Rows : 84591

  Measurements for Transient Analysis

vgs_comp            =  5.10790e-01
vgs_write           =  5.67198e-01
vgs_early           =  5.59772e-01
vgs_before          =  5.59772e-01
vgs_after           =  5.56036e-01
source_before       =  1.00005e+00
source_after        =  1.50005e+00
vgs_end             =  5.55274e-01
overdrive           =  5.97720e-02


Total analysis time (seconds) = 0.658748

Total elapsed time (seconds) = 0.747

Total DRAM available = 16384.000 MB.
DRAM currently available =  296.891 MB.
Maximum ngspice program size =   40.297 MB.
Current ngspice program size =   40.297 MB.
