
Note: No compatibility mode selected!


Circuit: v3 source-disturbance bench p3-09ab49edb4 vth=1.5 beta=1.0

Doing analysis at TEMP = 27.000000 and TNOM = 27.000000

Using SPARSE 1.3 as Direct Linear Solver

Initial Transient Solution
--------------------------

Node                                   Voltage
----                                   -------
vdd                                          8
vref                                         3
vinit                                        0
vdata                                      1.5
oled_a                                       1
s                                     0.138937
g                                            3
x                                     0.138937
gc                                           4
xc                                           4
dc                                           0
sc                                           4
ec                                           0
vgs                                    2.86106
u                                      1.36106
bu#branch                                    0
bvgs#branch                                  0
vec#branch                                   0
vdc#branch                                   0
vsc#branch                                   0
vxc#branch                                   0
vgc#branch                                   0
voa#branch                        -1.72213e-12
vdata#branch                      -2.72213e-14
vinit#branch                       9.26247e-07
vref#branch                       -1.26653e-21
vvdd#branch                       -9.26245e-07

 Reference value :  1.26211e-02
No. of Data Rows : 84576

  Measurements for Transient Analysis

vgs_comp            =  1.51094e+00
vgs_write           =  1.60296e+00
vgs_early           =  1.59608e+00
vgs_before          =  1.59608e+00
vgs_after           =  1.59228e+00
source_before       =  1.00014e+00
source_after        =  1.50013e+00
vgs_end             =  1.59088e+00
overdrive           =  9.60830e-02


Total analysis time (seconds) = 0.320523

Total elapsed time (seconds) = 0.323

Total DRAM available = 16384.000 MB.
DRAM currently available =  293.375 MB.
Maximum ngspice program size =   12.609 MB.
Current ngspice program size =   12.609 MB.
