
Note: No compatibility mode selected!


Circuit: v3 source-disturbance bench p3-84fe3862bf vth=-0.5 beta=0.1

Doing analysis at TEMP = 27.000000 and TNOM = 27.000000

Using SPARSE 1.3 as Direct Linear Solver

Initial Transient Solution
--------------------------

Node                                   Voltage
----                                   -------
vdd                                          8
vref                                         3
vinit                                        0
vdata                                      1.5
oled_a                                       1
s                                    0.0873468
g                                            3
x                                    0.0873468
gc                                           4
xc                                           4
dc                                           0
sc                                           4
ec                                           0
vgs                                    2.91265
u                                      3.41265
bu#branch                                    0
bvgs#branch                                  0
vec#branch                                   0
vdc#branch                                   0
vsc#branch                                   0
vxc#branch                                   0
vgc#branch                                   0
voa#branch                        -1.82531e-12
vdata#branch                      -2.82531e-14
vinit#branch                       5.82312e-07
vref#branch                       -1.26653e-21
vvdd#branch                        -5.8231e-07

 Reference value :  1.20029e-02
No. of Data Rows : 84567

  Measurements for Transient Analysis

vgs_comp            =  -4.43783e-01
vgs_write           =  -3.26356e-01
vgs_early           =  -3.41118e-01
vgs_before          =  -3.41118e-01
vgs_after           =  -3.48534e-01
source_before       =  1.00004e+00
source_after        =  1.50003e+00
vgs_end             =  -3.49102e-01
overdrive           =  1.58882e-01


Total analysis time (seconds) = 0.336909

Total elapsed time (seconds) = 0.340

Total DRAM available = 16384.000 MB.
DRAM currently available =  123.156 MB.
Maximum ngspice program size =   12.703 MB.
Current ngspice program size =   12.703 MB.
