
Note: No compatibility mode selected!


Circuit: v3 source-disturbance bench p3-196fd81247 vth=0.5 beta=10.0

Doing analysis at TEMP = 27.000000 and TNOM = 27.000000

Using SPARSE 1.3 as Direct Linear Solver

Initial Transient Solution
--------------------------

Node                                   Voltage
----                                   -------
vdd                                          8
vref                                         3
vinit                                        0
vdata                                      1.5
oled_a                                       1
s                                      1.22302
g                                            3
x                                      1.22302
gc                                           4
xc                                           4
dc                                           0
sc                                           4
ec                                           0
vgs                                    1.77698
u                                      1.27698
bu#branch                                    0
bvgs#branch                                  0
vec#branch                                   0
vdc#branch                                   0
vsc#branch                                   0
vxc#branch                                   0
vgc#branch                                   0
voa#branch                         4.46032e-13
vdata#branch                      -5.53968e-15
vinit#branch                       8.15344e-06
vref#branch                       -1.26653e-21
vvdd#branch                       -8.15344e-06

 Reference value :  1.24755e-02
No. of Data Rows : 84619

  Measurements for Transient Analysis

vgs_comp            =  5.01250e-01
vgs_write           =  5.57629e-01
vgs_early           =  5.50216e-01
vgs_before          =  5.50215e-01
vgs_after           =  5.46480e-01
source_before       =  1.00038e+00
source_after        =  1.50032e+00
vgs_end             =  5.45724e-01
overdrive           =  5.02156e-02


Total analysis time (seconds) = 0.32339

Total elapsed time (seconds) = 0.326

Total DRAM available = 16384.000 MB.
DRAM currently available =  334.188 MB.
Maximum ngspice program size =   12.672 MB.
Current ngspice program size =   12.672 MB.
