
Note: No compatibility mode selected!


Circuit: v3 source-disturbance bench p3-7ecd5f7d99 vth=0.5 beta=10.0

Doing analysis at TEMP = 27.000000 and TNOM = 27.000000

Using SPARSE 1.3 as Direct Linear Solver

Initial Transient Solution
--------------------------

Node                                   Voltage
----                                   -------
vdd                                          8
vref                                         3
vinit                                        0
vdata                                      1.5
oled_a                                       1
s                                      1.22302
g                                            3
x                                      1.22302
gc                                           4
xc                                           4
dc                                           0
sc                                           4
ec                                           0
vgs                                    1.77698
u                                      1.27698
bu#branch                                    0
bvgs#branch                                  0
vec#branch                                   0
vdc#branch                                   0
vsc#branch                                   0
vxc#branch                                   0
vgc#branch                                   0
voa#branch                         4.46032e-13
vdata#branch                      -5.53968e-15
vinit#branch                       8.15344e-06
vref#branch                       -1.26653e-21
vvdd#branch                       -8.15344e-06

 Reference value :  1.25006e-02
No. of Data Rows : 84684

  Measurements for Transient Analysis

vgs_comp            =  5.02138e-01
vgs_write           =  1.07856e+00
vgs_early           =  1.07485e+00
vgs_before          =  1.07485e+00
vgs_after           =  1.07098e+00
source_before       =  1.04957e+00
source_after        =  1.54890e+00
vgs_end             =  1.06999e+00
overdrive           =  5.74849e-01


Total analysis time (seconds) = 0.322586

Total elapsed time (seconds) = 0.326

Total DRAM available = 16384.000 MB.
DRAM currently available =  120.609 MB.
Maximum ngspice program size =   12.703 MB.
Current ngspice program size =   12.703 MB.
